// Jest Snapshot v1, https://goo.gl/fbAQLP

exports[`Account should match the snapshot 1`] = `
<Fragment>
  <EmotionCssPropInternal
    __EMOTION_LABEL_PLEASE_DO_NOT_USE__="Account"
    __EMOTION_TYPE_PLEASE_DO_NOT_USE__="div"
    css={
      Object {
        "map": undefined,
        "name": "y8ucs5",
        "next": undefined,
        "styles": "

        ",
      }
    }
  >
    <div>
      Balance
    </div>
    <div />
  </EmotionCssPropInternal>
  <Send />
  <History />
</Fragment>
`;
