// Jest Snapshot v1, https://goo.gl/fbAQLP

exports[`Header should match the snapshot 1`] = `
<EmotionCssPropInternal
  __EMOTION_LABEL_PLEASE_DO_NOT_USE__="Header"
  __EMOTION_TYPE_PLEASE_DO_NOT_USE__="div"
  css={
    Object {
      "map": undefined,
      "name": "5n91x2",
      "next": undefined,
      "styles": "
      float: right; 
      margin-right: 25px;
    ",
    }
  }
>
  <img
    alt="logo"
  />
  <div>
    Alice
     Signed In
  </div>
  <button
    onClick={[Function]}
  >
    Sign Out
  </button>
</EmotionCssPropInternal>
`;
