// Jest Snapshot v1, https://goo.gl/fbAQLP

exports[`Login should match the snapshot 1`] = `
<Login
  location={
    Object {
      "state": Object {},
    }
  }
  setUser={[MockFunction]}
>
  <EmotionCssPropInternal
    __EMOTION_LABEL_PLEASE_DO_NOT_USE__="Login"
    __EMOTION_TYPE_PLEASE_DO_NOT_USE__="div"
    css={
      Object {
        "map": undefined,
        "name": "fkr038",
        "next": undefined,
        "styles": "
      display: grid;
      text-align: center;
      position: absolute;
      margin: auto;
      top: 0;
      right: 0;
      bottom: 0;
      left: 0;
      height: 150px;
      width: 200px;
    ",
      }
    }
  >
    <div
      className="css-1b2d89h-Login"
    >
      <img
        alt="logo"
      />
      <div>
        Welcome to Jobcoin! Sign in using your address.
      </div>
      <form
        onSubmit={[Function]}
      >
        <label>
          <div>
            Jobcoin Address
          </div>
          <input
            name="address"
            onChange={[Function]}
            type="text"
          />
        </label>
        <input
          type="submit"
          value="Sign In"
        />
      </form>
    </div>
  </EmotionCssPropInternal>
</Login>
`;
