// Jest Snapshot v1, https://goo.gl/fbAQLP

exports[`Send should match the snapshot 1`] = `
<Send>
  <EmotionCssPropInternal
    __EMOTION_LABEL_PLEASE_DO_NOT_USE__="Send"
    __EMOTION_TYPE_PLEASE_DO_NOT_USE__="div"
    css={
      Object {
        "map": undefined,
        "name": "1h62oil",
        "next": undefined,
        "styles": "
        padding: 0 10px 10px 10px;
        border: 1px solid lightgrey;
        overflow: hidden;
      ",
      }
    }
  >
    <div
      className="css-meg4kb-Send"
    >
      <h4>
        Send Jobcoin
      </h4>
      <form
        onSubmit={[Function]}
      >
        <label>
          <div>
            Destination Address
          </div>
          <EmotionCssPropInternal
            __EMOTION_LABEL_PLEASE_DO_NOT_USE__="Send"
            __EMOTION_TYPE_PLEASE_DO_NOT_USE__="input"
            css={
              Object {
                "map": undefined,
                "name": "yk2vmo",
                "next": undefined,
                "styles": "width: 100%; box-sizing: border-box;",
              }
            }
            name="address"
            onChange={[Function]}
            type="text"
          >
            <input
              className="css-1o5t9mf-Send"
              name="address"
              onChange={[Function]}
              type="text"
            />
          </EmotionCssPropInternal>
        </label>
        <label>
          <div>
            Amount
          </div>
          <EmotionCssPropInternal
            __EMOTION_LABEL_PLEASE_DO_NOT_USE__="Send"
            __EMOTION_TYPE_PLEASE_DO_NOT_USE__="input"
            css={
              Object {
                "map": undefined,
                "name": "yk2vmo",
                "next": undefined,
                "styles": "width: 100%; box-sizing: border-box;",
              }
            }
            name="amount"
            onChange={[Function]}
            type="text"
          >
            <input
              className="css-1o5t9mf-Send"
              name="amount"
              onChange={[Function]}
              type="text"
            />
          </EmotionCssPropInternal>
        </label>
        <EmotionCssPropInternal
          __EMOTION_LABEL_PLEASE_DO_NOT_USE__="Send"
          __EMOTION_TYPE_PLEASE_DO_NOT_USE__="div"
          css={
            Object {
              "map": undefined,
              "name": "khybjw",
              "next": undefined,
              "styles": "margin-top: 5px; float: right;",
            }
          }
        >
          <div
            className="css-sv49ul-Send"
          >
            <input
              type="submit"
              value="Send"
            />
          </div>
        </EmotionCssPropInternal>
      </form>
    </div>
  </EmotionCssPropInternal>
</Send>
`;
